
> garage-manager@0.1.0 build
> next build

node.exe : ΓÜá Warning: Next.js inferred your workspace root, 
but it may not be correct.
At line:1 char:1
+ & "C:\Program Files\nodejs/node.exe" 
"C:\Users\Hp\AppData\Roaming\npm ...
+ ~~~~~~~~~~~~~~~~~~~~~~~~~~~~~~~~~~~~~~~~~~~~~~~~~~~~~~~~~~~~~
~~~~~~~~
    + CategoryInfo          : NotSpecified: (ΓÜá Warning: Ne.. 
   .not be correct.:String) [], RemoteException
    + FullyQualifiedErrorId : NativeCommandError
 
 We detected multiple lockfiles and selected the directory of 
C:\Users\Hp\package-lock.json as the root directory.
 To silence this warning, set `turbopack.root` in your Next.js 
config, or consider removing one of the lockfiles if it's not 
needed.
   See https://nextjs.org/docs/app/api-reference/config/next-co
nfig-js/turbopack#root-directory for more information.
 Detected additional lockfiles: 
   * C:\Users\Hp\OneDrive\Documents\Gorkasha1\garage-manager\pa
ckage-lock.json

Γû▓ Next.js 16.1.5 (Turbopack)
- Environments: .env

ΓÜá The "middleware" file convention is deprecated. Please use 
"proxy" instead. Learn more: 
https://nextjs.org/docs/messages/middleware-to-proxy
  Creating an optimized production build ...

> Build error occurred
Error: Turbopack build failed with 1 errors:
./OneDrive/Documents/Gorkasha1/garage-manager/src/app/api/pdf/j
ob/[id]/route.ts:2:1
Module not found: Can't resolve 'puppeteer'
[0m [90m 1 |[39m [36mimport[39m { [33mNextResponse[39m 
} [36mfrom[39m [32m'next/server'[39m[33m;[39m
[31m[1m>[22m[39m[90m 2 |[39m [36mimport[39m puppeteer 
[36mfrom[39m [32m'puppeteer'[39m[33m;[39m
 [90m   |[39m [31m[1m^[22m[39m[31m[1m^[22m[39m[31m[
1m^[22m[39m[31m[1m^[22m[39m[31m[1m^[22m[39m[31m[1m^
[22m[39m[31m[1m^[22m[39m[31m[1m^[22m[39m[31m[1m^[2
2m[39m[31m[1m^[22m[39m[31m[1m^[22m[39m[31m[1m^[22m
[39m[31m[1m^[22m[39m[31m[1m^[22m[39m[31m[1m^[22m[39
m[31m[1m^[22m[39m[31m[1m^[22m[39m[31m[1m^[22m[39m[
31m[1m^[22m[39m[31m[1m^[22m[39m[31m[1m^[22m[39m[31m
[1m^[22m[39m[31m[1m^[22m[39m[31m[1m^[22m[39m[31m[1
m^[22m[39m[31m[1m^[22m[39m[31m[1m^[22m[39m[31m[1m^
[22m[39m[31m[1m^[22m[39m[31m[1m^[22m[39m[31m[1m^[22
m[39m[31m[1m^[22m[39m[31m[1m^[22m[39m[31m[1m^[22m[
39m
 [90m 3 |[39m [36mimport[39m { cookies } [36mfrom[39m 
[32m'next/headers'[39m[33m;[39m
 [90m 4 |[39m
 [90m 5 |[39m type [33mParams[39m [33m=[39m 
[33mPromise[39m[33m<[39m{ id[33m:[39m string 
}[33m>[39m[33m;[39m[0m



https://nextjs.org/docs/messages/module-not-found


    at <unknown> (./OneDrive/Documents/Gorkasha1/garage-manager
/src/app/api/pdf/job/[id]/route.ts:2:1)
    at <unknown> 
(https://nextjs.org/docs/messages/module-not-found)
